----
Points:
0 0
4 4
1 1
2 1
3 1
1 2
2 2
3 2
1 3
2 3
3 3
-1 -1
-1 -1
-1 -1
-1 -1
-1 -1
-1 -1
-1 -1
-1 -1
-1 -1
Edges:
0 2
0 3
0 5
2 3
3 6
4 3
6 8
6 5
6 4
7 4
7 10
8 9
8 5
9 7
10 1
----
----
Name: Path
Edge color: 0.7 0 0
Points:
0 0
2 1
2 2
1 3
2 3
3 2
3 3
4 4
Edges:
0 1
1 2
2 3
3 4
4 5
5 6
6 7
----
