Murmur3_32: 0 483766799
Murmur3_32: 1 151833643
Murmur3_32: 2 1357416567
Murmur3_32: 3 3416541522
Murmur3_32: 4 3758910470
Murmur3_32: 5 1635630521
Murmur3_32: 6 1466184133
Murmur3_32: 7 841863692
Murmur3_32: 8 1188315919
Murmur3_32: 9 92229394
Murmur3_32: 10 1132388483
Murmur3_32: 11 2912111866
Murmur3_32: 12 2713536517
Murmur3_32: 13 2931336042
Murmur3_32: 14 3918222929
Murmur3_32: 15 590923944
Murmur3_32: 16 2060784605
Murmur3_32: 17 3905425974
Murmur3_32: 18 1895747246
Murmur3_32: 19 4032810129
Murmur3_32: 20 897542736
Murmur3_32: 21 3748387087
Murmur3_32: 22 3901190789
Murmur3_32: 23 1216843079
Murmur3_32: 24 694222100
Murmur3_32: 25 1193919407
Murmur3_32: 26 1222604673
Murmur3_32: 27 2291961132
Murmur3_32: 28 4282645409
Murmur3_32: 29 1085047345
Murmur3_32: 30 2378199045
Murmur3_32: 31 2476429397
Murmur3_32: 32 1032381407
Murmur3_32: 33 151656774
Murmur3_32: 34 3565715834
Murmur3_32: 35 3276763072
Murmur3_32: 36 2446791323
Murmur3_32: 37 44329489
Murmur3_32: 38 3158988596
Murmur3_32: 39 2710682779
Murmur3_32: 40 681103568
Murmur3_32: 41 4191660312
Murmur3_32: 42 1380196137
Murmur3_32: 43 1539606519
Murmur3_32: 44 420468367
Murmur3_32: 45 3500222802
Murmur3_32: 46 3354778705
Murmur3_32: 47 2756009420
Murmur3_32: 48 1477349112
Murmur3_32: 49 401040978
Murmur3_32: 50 1133705158
Murmur3_32: 51 755338211
Murmur3_32: 52 4011470467
Murmur3_32: 53 2322474647
Murmur3_32: 54 3975071544
Murmur3_32: 55 2949870122
Murmur3_32: 56 1831125929
Murmur3_32: 57 127114851
Murmur3_32: 58 398741507
Murmur3_32: 59 3186338760
Murmur3_32: 60 4164637718
Murmur3_32: 61 764671771
Murmur3_32: 62 2591487845
Murmur3_32: 63 2363042326
Murmur3_32: 64 38471641
Murmur3_32: 65 1656858195
Murmur3_32: 66 205772295
Murmur3_32: 67 4163782792
Murmur3_32: 68 2737760083
Murmur3_32: 69 2012146359
Murmur3_32: 70 1362737635
Murmur3_32: 71 3121738593
Murmur3_32: 72 2724216108
Murmur3_32: 73 2055412534
Murmur3_32: 74 2704665023
Murmur3_32: 75 3624178291
Murmur3_32: 76 3597930479
Murmur3_32: 77 2901295719
Murmur3_32: 78 3293243335
Murmur3_32: 79 2176159327
Murmur3_32: 80 2372940009
Murmur3_32: 81 3675165063
Murmur3_32: 82 251276715
Murmur3_32: 83 1550620501
Murmur3_32: 84 858191534
Murmur3_32: 85 318388662
Murmur3_32: 86 883378552
Murmur3_32: 87 3802679296
Murmur3_32: 88 977406038
Murmur3_32: 89 52520116
Murmur3_32: 90 3254182111
Murmur3_32: 91 832181765
Murmur3_32: 92 1810002516
Murmur3_32: 93 1767432906
Murmur3_32: 94 1663196000
Murmur3_32: 95 981332691
Murmur3_32: 96 1239131725
Murmur3_32: 97 15788935
Murmur3_32: 98 3683971407
Murmur3_32: 99 3268365909
Murmur3_32: 100 4088352722
Murmur3_32: 101 3268031820
Murmur3_32: 102 537981336
Murmur3_32: 103 1235270875
Murmur3_32: 104 284052437
Murmur3_32: 105 739361207
Murmur3_32: 106 3150108849
Murmur3_32: 107 4068536202
Murmur3_32: 108 3943602299
Murmur3_32: 109 2131462315
Murmur3_32: 110 3950959891
Murmur3_32: 111 2656126789
Murmur3_32: 112 1282632306
Murmur3_32: 113 760332683
Murmur3_32: 114 3181401273
Murmur3_32: 115 2097800490
Murmur3_32: 116 585679938
Murmur3_32: 117 2387066472
Murmur3_32: 118 4129276761
Murmur3_32: 119 55874469
Murmur3_32: 120 572064853
Murmur3_32: 121 262860079
Murmur3_32: 122 315841865
Murmur3_32: 123 2894221929
Murmur3_32: 124 3524738473
Murmur3_32: 125 1566006301
Murmur3_32: 126 258636671
Murmur3_32: 127 21340530
Murmur3_32: 128 390686110
Murmur3_32: 129 3103713598
Murmur3_32: 130 3017699918
Murmur3_32: 131 3500331260
Murmur3_32: 132 1144814861
Murmur3_32: 133 377827644
Murmur3_32: 134 3434204811
Murmur3_32: 135 1792652641
Murmur3_32: 136 4077336129
Murmur3_32: 137 2791562952
Murmur3_32: 138 771630752
Murmur3_32: 139 570556637
Murmur3_32: 140 1633949267
Murmur3_32: 141 3831049540
Murmur3_32: 142 1561232883
Murmur3_32: 143 1825906652
Murmur3_32: 144 105385043
Murmur3_32: 145 110341577
Murmur3_32: 146 1100821176
Murmur3_32: 147 4287408788
Murmur3_32: 148 724029181
Murmur3_32: 149 2282071250
Murmur3_32: 150 4004003724
Murmur3_32: 151 3875559605
Murmur3_32: 152 1059401747
Murmur3_32: 153 2426648782
Murmur3_32: 154 2901169166
Murmur3_32: 155 3981121348
Murmur3_32: 156 351295794
Murmur3_32: 157 4067007675
Murmur3_32: 158 1063388187
Murmur3_32: 159 1717043238
Murmur3_32: 160 752998812
Murmur3_32: 161 2662439070
Murmur3_32: 162 3314111424
Murmur3_32: 163 2639164737
Murmur3_32: 164 1052020415
Murmur3_32: 165 3560040167
Murmur3_32: 166 3561676956
Murmur3_32: 167 710077716
Murmur3_32: 168 2314523243
Murmur3_32: 169 2367984733
Murmur3_32: 170 4083433154
Murmur3_32: 171 3042027481
Murmur3_32: 172 905515875
Murmur3_32: 173 1525995657
Murmur3_32: 174 790080157
Murmur3_32: 175 258383317
Murmur3_32: 176 4043051037
Murmur3_32: 177 3126973519
Murmur3_32: 178 2826627974
Murmur3_32: 179 3948124194
Murmur3_32: 180 1864145172
Murmur3_32: 181 362874753
Murmur3_32: 182 1434727170
Murmur3_32: 183 3450615528
Murmur3_32: 184 1699843769
Murmur3_32: 185 3143774357
Murmur3_32: 186 2253463135
Murmur3_32: 187 1795018325
Murmur3_32: 188 3403925166
Murmur3_32: 189 2271874436
Murmur3_32: 190 2499165358
Murmur3_32: 191 2798857402
Murmur3_32: 192 3084411106
Murmur3_32: 193 1232264794
Murmur3_32: 194 2390204903
Murmur3_32: 195 1942973094
Murmur3_32: 196 354173045
Murmur3_32: 197 2480606930
Murmur3_32: 198 592578267
Murmur3_32: 199 1370770526
Murmur3_32: 200 1152483850
Murmur3_32: 201 208099292
Murmur3_32: 202 2312781610
Murmur3_32: 203 3203472959
Murmur3_32: 204 2956006091
Murmur3_32: 205 3680681254
Murmur3_32: 206 1128656699
Murmur3_32: 207 3602587672
Murmur3_32: 208 1047580931
Murmur3_32: 209 103162740
Murmur3_32: 210 3292880100
Murmur3_32: 211 2666528083
Murmur3_32: 212 3341599656
Murmur3_32: 213 116193008
Murmur3_32: 214 1593180730
Murmur3_32: 215 446242468
Murmur3_32: 216 529598481
Murmur3_32: 217 3826194833
Murmur3_32: 218 885539612
Murmur3_32: 219 4209600258
Murmur3_32: 220 1797929713
Murmur3_32: 221 1240277105
Murmur3_32: 222 52908931
Murmur3_32: 223 287800615
Murmur3_32: 224 2452667206
Murmur3_32: 225 3020610122
Murmur3_32: 226 1648224660
Murmur3_32: 227 4230214544
Murmur3_32: 228 2015473756
Murmur3_32: 229 480934079
Murmur3_32: 230 1285356456
Murmur3_32: 231 4028575434
Murmur3_32: 232 1489399745
Murmur3_32: 233 4072017383
Murmur3_32: 234 3528818138
Murmur3_32: 235 963611196
Murmur3_32: 236 2759731979
Murmur3_32: 237 2339263580
Murmur3_32: 238 2063212429
Murmur3_32: 239 863599479
Murmur3_32: 240 1059378842
Murmur3_32: 241 746090410
Murmur3_32: 242 4041100569
Murmur3_32: 243 3674309840
Murmur3_32: 244 4025443483
Murmur3_32: 245 2730312425
Murmur3_32: 246 4090237386
Murmur3_32: 247 2417218630
Murmur3_32: 248 3719396282
Murmur3_32: 249 90488283
Murmur3_32: 250 2138914448
Murmur3_32: 251 3064629458
Murmur3_32: 252 1416192821
Murmur3_32: 253 2214414973
Murmur3_32: 254 3106249728
Murmur3_32: 255 721928613
Murmur3_32: 256 115675416
Murmur3_32: 257 2899347074
Murmur3_32: 258 3535666329
Murmur3_32: 259 4117936110
Murmur3_32: 260 1902942526
Murmur3_32: 261 4041408476
Murmur3_32: 262 4241375225
Murmur3_32: 263 216005194
Murmur3_32: 264 4088101142
Murmur3_32: 265 734517485
Murmur3_32: 266 3830951565
Murmur3_32: 267 2630921254
Murmur3_32: 268 1957872686
Murmur3_32: 269 4253305360
Murmur3_32: 270 1095702559
Murmur3_32: 271 1578939116
Murmur3_32: 272 358804283
Murmur3_32: 273 770762688
Murmur3_32: 274 4073027466
Murmur3_32: 275 2739273858
Murmur3_32: 276 220426440
Murmur3_32: 277 2936752818
Murmur3_32: 278 2240490975
Murmur3_32: 279 1450365722
Murmur3_32: 280 3785203990
Murmur3_32: 281 251367507
Murmur3_32: 282 3152633608
Murmur3_32: 283 1658237521
Murmur3_32: 284 4095536884
Murmur3_32: 285 3362561602
Murmur3_32: 286 1320345165
Murmur3_32: 287 1474112479
Murmur3_32: 288 747464846
Murmur3_32: 289 828772615
Murmur3_32: 290 3886543815
Murmur3_32: 291 3338692484
Murmur3_32: 292 521004661
Murmur3_32: 293 2485262365
Murmur3_32: 294 1222266867
Murmur3_32: 295 2348421608
Murmur3_32: 296 3488868213
Murmur3_32: 297 3886865998
Murmur3_32: 298 2073660900
Murmur3_32: 299 3466342562
Murmur3_32: 300 1180763103
Murmur3_32: 301 1535272215
Murmur3_32: 302 4292436485
Murmur3_32: 303 717355410
Murmur3_32: 304 2437388791
Murmur3_32: 305 1286878780
Murmur3_32: 306 500232508
Murmur3_32: 307 1362122075
Murmur3_32: 308 4070197680
Murmur3_32: 309 1741910859
Murmur3_32: 310 457811603
Murmur3_32: 311 2174158023
Murmur3_32: 312 3873022604
Murmur3_32: 313 2022958996
Murmur3_32: 314 4164945655
Murmur3_32: 315 3631646362
Murmur3_32: 316 918600614
Murmur3_32: 317 1620623141
Murmur3_32: 318 1044691194
Murmur3_32: 319 352436213
Murmur3_32: 320 3908907480
Murmur3_32: 321 163352314
Murmur3_32: 322 1500880749
Murmur3_32: 323 2113247344
Murmur3_32: 324 3298733841
Murmur3_32: 325 3419414072
Murmur3_32: 326 1405937991
Murmur3_32: 327 3439734664
Murmur3_32: 328 1298988081
Murmur3_32: 329 1521776174
Murmur3_32: 330 3186581112
Murmur3_32: 331 2714345899
Murmur3_32: 332 264109755
Murmur3_32: 333 3136811170
Murmur3_32: 334 940507683
Murmur3_32: 335 467580094
Murmur3_32: 336 389753698
Murmur3_32: 337 4282477091
Murmur3_32: 338 300878267
Murmur3_32: 339 3937712520
Murmur3_32: 340 3645593182
Murmur3_32: 341 2639100231
Murmur3_32: 342 2692653223
Murmur3_32: 343 614768913
Murmur3_32: 344 2169332765
Murmur3_32: 345 629375454
Murmur3_32: 346 2778324392
Murmur3_32: 347 689374083
Murmur3_32: 348 2872828932
Murmur3_32: 349 3337908508
Murmur3_32: 350 662350151
Murmur3_32: 351 955498731
Murmur3_32: 352 4287475589
Murmur3_32: 353 2119344678
Murmur3_32: 354 2357822236
Murmur3_32: 355 3398766979
Murmur3_32: 356 1982769628
Murmur3_32: 357 1092107983
Murmur3_32: 358 3872034305
Murmur3_32: 359 2778616333
Murmur3_32: 360 1889091211
Murmur3_32: 361 666997816
Murmur3_32: 362 1017259959
Murmur3_32: 363 576096769
Murmur3_32: 364 2621056336
Murmur3_32: 365 138818696
Murmur3_32: 366 3998175495
Murmur3_32: 367 1113796669
Murmur3_32: 368 3098731927
Murmur3_32: 369 1945790508
Murmur3_32: 370 3738878820
Murmur3_32: 371 4277624289
Murmur3_32: 372 2897922541
Murmur3_32: 373 2027703252
Murmur3_32: 374 2946789253
Murmur3_32: 375 2117591160
Murmur3_32: 376 1111552513
Murmur3_32: 377 831200134
Murmur3_32: 378 4075591461
Murmur3_32: 379 1917926659
Murmur3_32: 380 3230181392
Murmur3_32: 381 1658131515
Murmur3_32: 382 2954349521
Murmur3_32: 383 1280834626
Murmur3_32: 384 3033210530
Murmur3_32: 385 981048149
Murmur3_32: 386 298045252
Murmur3_32: 387 2549239704
Murmur3_32: 388 2330532180
Murmur3_32: 389 43694833
Murmur3_32: 390 444915919
Murmur3_32: 391 530859098
Murmur3_32: 392 240182554
Murmur3_32: 393 1790542150
Murmur3_32: 394 450018532
Murmur3_32: 395 1310394157
Murmur3_32: 396 1190178094
Murmur3_32: 397 2371537190
Murmur3_32: 398 3351120166
Murmur3_32: 399 3812195588
Murmur3_32: 400 411786880
Murmur3_32: 401 1793312720
Murmur3_32: 402 1808123914
Murmur3_32: 403 3264982568
Murmur3_32: 404 3167476374
Murmur3_32: 405 160840358
Murmur3_32: 406 3242674453
Murmur3_32: 407 2421686059
Murmur3_32: 408 3179062021
Murmur3_32: 409 1972126337
Murmur3_32: 410 2384845633
Murmur3_32: 411 1934163546
Murmur3_32: 412 3214363851
Murmur3_32: 413 2604995458
Murmur3_32: 414 2108434542
Murmur3_32: 415 2363674479
Murmur3_32: 416 1537711578
Murmur3_32: 417 2947202834
Murmur3_32: 418 2500315554
Murmur3_32: 419 2629850094
Murmur3_32: 420 2146542056
Murmur3_32: 421 4155100797
Murmur3_32: 422 3917912846
Murmur3_32: 423 2049305460
Murmur3_32: 424 3726273253
Murmur3_32: 425 3286821465
Murmur3_32: 426 3371926575
Murmur3_32: 427 1384289067
Murmur3_32: 428 2903349864
Murmur3_32: 429 3434369060
Murmur3_32: 430 1056229372
Murmur3_32: 431 718122710
Murmur3_32: 432 988917253
Murmur3_32: 433 3570220130
Murmur3_32: 434 3461240920
Murmur3_32: 435 2012809493
Murmur3_32: 436 3661321479
Murmur3_32: 437 3147536930
Murmur3_32: 438 4183406173
Murmur3_32: 439 45830856
Murmur3_32: 440 300009669
Murmur3_32: 441 386817395
Murmur3_32: 442 644084670
Murmur3_32: 443 871253153
Murmur3_32: 444 1422188493
Murmur3_32: 445 4258500250
Murmur3_32: 446 2637207931
Murmur3_32: 447 2320963316
Murmur3_32: 448 2948621311
Murmur3_32: 449 3380520579
Murmur3_32: 450 3680300524
Murmur3_32: 451 1409011773
Murmur3_32: 452 3823583716
Murmur3_32: 453 3952014375
Murmur3_32: 454 1154149777
Murmur3_32: 455 3210545086
Murmur3_32: 456 2687929937
Murmur3_32: 457 1909845475
Murmur3_32: 458 1717328891
Murmur3_32: 459 1727105624
Murmur3_32: 460 1518442290
Murmur3_32: 461 2185825284
Murmur3_32: 462 1249965586
Murmur3_32: 463 2287411131
Murmur3_32: 464 21336179
Murmur3_32: 465 188433492
Murmur3_32: 466 2971691415
Murmur3_32: 467 3724533717
Murmur3_32: 468 3929148373
Murmur3_32: 469 3410417020
Murmur3_32: 470 2674511261
Murmur3_32: 471 2158059394
Murmur3_32: 472 2321708869
Murmur3_32: 473 365577598
Murmur3_32: 474 3831708899
Murmur3_32: 475 2013450233
Murmur3_32: 476 609993101
Murmur3_32: 477 2575005680
Murmur3_32: 478 1800603487
Murmur3_32: 479 4127590982
Murmur3_32: 480 2117577171
Murmur3_32: 481 1842969418
Murmur3_32: 482 1458498935
Murmur3_32: 483 622697941
Murmur3_32: 484 2360104487
Murmur3_32: 485 282176192
Murmur3_32: 486 2131653146
Murmur3_32: 487 3830041065
Murmur3_32: 488 3886623214
Murmur3_32: 489 3295557648
Murmur3_32: 490 2944916343
Murmur3_32: 491 2131013910
Murmur3_32: 492 1416789822
Murmur3_32: 493 2981697918
Murmur3_32: 494 1064133223
Murmur3_32: 495 3576060990
Murmur3_32: 496 1292871892
Murmur3_32: 497 3071068127
Murmur3_32: 498 264416645
Murmur3_32: 499 2512356725
Murmur3_32: 500 2549951762
Murmur3_32: 501 4260549833
Murmur3_32: 502 1987092707
Murmur3_32: 503 3224372720
Murmur3_32: 504 3602764938
Murmur3_32: 505 3640588269
Murmur3_32: 506 1075509988
Murmur3_32: 507 3057917662
Murmur3_32: 508 3275869029
Murmur3_32: 509 4241917505
Murmur3_32: 510 3603506420
Murmur3_32: 511 3486219826
Murmur3_32: 512 2418505635
Murmur3_32: 513 3588921655
Murmur3_32: 514 1907424241
Murmur3_32: 515 475187540
Murmur3_32: 516 2116548243
Murmur3_32: 517 3709215824
Murmur3_32: 518 3526082610
Murmur3_32: 519 4086495628
Murmur3_32: 520 1945499079
Murmur3_32: 521 2570042329
Murmur3_32: 522 2382965818
Murmur3_32: 523 1591623575
Murmur3_32: 524 3673598666
Murmur3_32: 525 3061032911
Murmur3_32: 526 3660294081
Murmur3_32: 527 2163669624
Murmur3_32: 528 3691838945
Murmur3_32: 529 1005275865
Murmur3_32: 530 446174152
Murmur3_32: 531 2058131310
Murmur3_32: 532 1251059658
Murmur3_32: 533 3987412828
Murmur3_32: 534 1315272796
Murmur3_32: 535 2714286672
Murmur3_32: 536 2511903783
Murmur3_32: 537 934784955
Murmur3_32: 538 31957186
Murmur3_32: 539 3825324151
Murmur3_32: 540 3411266266
Murmur3_32: 541 3111882951
Murmur3_32: 542 3280230337
Murmur3_32: 543 86732860
Murmur3_32: 544 3502686902
Murmur3_32: 545 3673526916
Murmur3_32: 546 3411529515
Murmur3_32: 547 4133801021
Murmur3_32: 548 3300167354
Murmur3_32: 549 1624405132
Murmur3_32: 550 3897833603
Murmur3_32: 551 4167076207
Murmur3_32: 552 1806024597
Murmur3_32: 553 1807574635
Murmur3_32: 554 1944311240
Murmur3_32: 555 2649906265
Murmur3_32: 556 3358928218
Murmur3_32: 557 2875331523
Murmur3_32: 558 3912043591
Murmur3_32: 559 3170844643
Murmur3_32: 560 1938829304
Murmur3_32: 561 625570741
Murmur3_32: 562 2980977002
Murmur3_32: 563 4208831934
Murmur3_32: 564 3022852326
Murmur3_32: 565 3757257791
Murmur3_32: 566 3388772436
Murmur3_32: 567 4133846766
Murmur3_32: 568 3455001307
Murmur3_32: 569 3963756317
Murmur3_32: 570 2570954783
Murmur3_32: 571 3796578398
Murmur3_32: 572 4109778223
Murmur3_32: 573 2982914511
Murmur3_32: 574 967518816
Murmur3_32: 575 3983647812
Murmur3_32: 576 486607736
Murmur3_32: 577 3058296326
Murmur3_32: 578 1462740308
Murmur3_32: 579 3789729296
Murmur3_32: 580 562483401
Murmur3_32: 581 3056699622
Murmur3_32: 582 4201510506
Murmur3_32: 583 2173699327
Murmur3_32: 584 3742966863
Murmur3_32: 585 4110626727
Murmur3_32: 586 1364066266
Murmur3_32: 587 2071056579
Murmur3_32: 588 2820906500
Murmur3_32: 589 802438690
Murmur3_32: 590 2564695033
Murmur3_32: 591 27994068
Murmur3_32: 592 1277086833
Murmur3_32: 593 2463056482
Murmur3_32: 594 3600402646
Murmur3_32: 595 886411772
Murmur3_32: 596 2437671306
Murmur3_32: 597 113812754
Murmur3_32: 598 824997441
Murmur3_32: 599 3184900408
Murmur3_32: 600 1670209720
Murmur3_32: 601 4149083960
Murmur3_32: 602 1916132936
Murmur3_32: 603 3972434297
Murmur3_32: 604 3624300353
Murmur3_32: 605 1703213949
Murmur3_32: 606 95320116
Murmur3_32: 607 2684480630
Murmur3_32: 608 3687452394
Murmur3_32: 609 29891840
Murmur3_32: 610 2537816548
Murmur3_32: 611 740994264
Murmur3_32: 612 2062690964
Murmur3_32: 613 2301961452
Murmur3_32: 614 4087084242
Murmur3_32: 615 1918992332
Murmur3_32: 616 941595875
Murmur3_32: 617 2904843964
Murmur3_32: 618 2215214875
Murmur3_32: 619 1559653438
Murmur3_32: 620 101713189
Murmur3_32: 621 2192742296
Murmur3_32: 622 3595516798
Murmur3_32: 623 1680178483
Murmur3_32: 624 100205512
Murmur3_32: 625 1726011930
Murmur3_32: 626 2405272598
Murmur3_32: 627 140927952
Murmur3_32: 628 2392771659
Murmur3_32: 629 1428436386
Murmur3_32: 630 211986503
Murmur3_32: 631 1073373094
Murmur3_32: 632 1512085957
Murmur3_32: 633 2587378318
Murmur3_32: 634 2651041598
Murmur3_32: 635 46326603
Murmur3_32: 636 2904639498
Murmur3_32: 637 3853402783
Murmur3_32: 638 144851049
Murmur3_32: 639 150663798
Murmur3_32: 640 38485977
Murmur3_32: 641 2525109045
Murmur3_32: 642 3743613038
Murmur3_32: 643 2598465010
Murmur3_32: 644 1573849169
Murmur3_32: 645 3977102249
Murmur3_32: 646 1770642157
Murmur3_32: 647 818535515
Murmur3_32: 648 940086483
Murmur3_32: 649 2957202528
Murmur3_32: 650 3076540516
Murmur3_32: 651 4184439099
Murmur3_32: 652 2669512270
Murmur3_32: 653 2531174494
Murmur3_32: 654 4051003694
Murmur3_32: 655 2352087706
Murmur3_32: 656 1575027138
Murmur3_32: 657 3320244796
Murmur3_32: 658 2419142690
Murmur3_32: 659 1380043185
Murmur3_32: 660 3543786024
Murmur3_32: 661 1099176391
Murmur3_32: 662 3772205331
Murmur3_32: 663 1489469930
Murmur3_32: 664 997049052
Murmur3_32: 665 2192039922
Murmur3_32: 666 2252081520
Murmur3_32: 667 146652711
Murmur3_32: 668 1826009245
Murmur3_32: 669 2191589297
Murmur3_32: 670 2309452180
Murmur3_32: 671 2465977593
Murmur3_32: 672 2399674479
Murmur3_32: 673 1743394692
Murmur3_32: 674 2016079978
Murmur3_32: 675 979731676
Murmur3_32: 676 1259465595
Murmur3_32: 677 3722562971
Murmur3_32: 678 2792008157
Murmur3_32: 679 1614973481
Murmur3_32: 680 3263008418
Murmur3_32: 681 2573063442
Murmur3_32: 682 2550477971
Murmur3_32: 683 254525696
Murmur3_32: 684 1034740270
Murmur3_32: 685 816559668
Murmur3_32: 686 2316151915
Murmur3_32: 687 3300006961
Murmur3_32: 688 743992266
Murmur3_32: 689 872316486
Murmur3_32: 690 3441426237
Murmur3_32: 691 2242851609
Murmur3_32: 692 3941567756
Murmur3_32: 693 908242465
Murmur3_32: 694 2930725529
Murmur3_32: 695 2576085604
Murmur3_32: 696 3285157017
Murmur3_32: 697 675808486
Murmur3_32: 698 1139787623
Murmur3_32: 699 3565689677
Murmur3_32: 700 4124521981
Murmur3_32: 701 2716666000
Murmur3_32: 702 3213357173
Murmur3_32: 703 2076639022
Murmur3_32: 704 1425752926
Murmur3_32: 705 2593487091
Murmur3_32: 706 2189529822
Murmur3_32: 707 987504837
Murmur3_32: 708 4034172807
Murmur3_32: 709 2778556010
Murmur3_32: 710 4014060654
Murmur3_32: 711 1910174184
Murmur3_32: 712 1296345676
Murmur3_32: 713 3468417612
Murmur3_32: 714 1239230870
Murmur3_32: 715 168156524
Murmur3_32: 716 1715926775
Murmur3_32: 717 377037583
Murmur3_32: 718 2478676837
Murmur3_32: 719 1044440176
Murmur3_32: 720 1574061307
Murmur3_32: 721 761714110
Murmur3_32: 722 2511925887
Murmur3_32: 723 546674263
Murmur3_32: 724 3775746788
Murmur3_32: 725 3201171915
Murmur3_32: 726 3023145362
Murmur3_32: 727 2805827901
Murmur3_32: 728 1082009166
Murmur3_32: 729 3937894817
Murmur3_32: 730 4043580022
Murmur3_32: 731 2273849364
Murmur3_32: 732 1358540944
Murmur3_32: 733 518040305
Murmur3_32: 734 2502284890
Murmur3_32: 735 1971806081
Murmur3_32: 736 451351979
Murmur3_32: 737 1464426437
Murmur3_32: 738 962379461
Murmur3_32: 739 677371445
Murmur3_32: 740 3486963264
Murmur3_32: 741 2194241365
Murmur3_32: 742 2734293584
Murmur3_32: 743 1502441055
Murmur3_32: 744 2667923495
Murmur3_32: 745 2595186225
Murmur3_32: 746 2168078645
Murmur3_32: 747 2391416883
Murmur3_32: 748 2831400780
Murmur3_32: 749 16844182
Murmur3_32: 750 4279864330
Murmur3_32: 751 4187908299
Murmur3_32: 752 1893953740
Murmur3_32: 753 2946691873
Murmur3_32: 754 1321840747
Murmur3_32: 755 3899154235
Murmur3_32: 756 3647068596
Murmur3_32: 757 106700670
Murmur3_32: 758 3327658491
Murmur3_32: 759 129545432
Murmur3_32: 760 2132619494
Murmur3_32: 761 2074235570
Murmur3_32: 762 517642070
Murmur3_32: 763 543909789
Murmur3_32: 764 4066765019
Murmur3_32: 765 2385365148
Murmur3_32: 766 1645007542
Murmur3_32: 767 847682156
Murmur3_32: 768 725682044
Murmur3_32: 769 2244911136
Murmur3_32: 770 1298091470
Murmur3_32: 771 1785937341
Murmur3_32: 772 2219413587
Murmur3_32: 773 1164389603
Murmur3_32: 774 3069403880
Murmur3_32: 775 4270272056
Murmur3_32: 776 3741306030
Murmur3_32: 777 1125637293
Murmur3_32: 778 1534219749
Murmur3_32: 779 803427445
Murmur3_32: 780 4060427310
Murmur3_32: 781 189341146
Murmur3_32: 782 1880481008
Murmur3_32: 783 1543946678
Murmur3_32: 784 1530415543
Murmur3_32: 785 594158598
Murmur3_32: 786 3236498495
Murmur3_32: 787 186517955
Murmur3_32: 788 1958160931
Murmur3_32: 789 696409502
Murmur3_32: 790 560094022
Murmur3_32: 791 2815563357
Murmur3_32: 792 1615410627
Murmur3_32: 793 3903470660
Murmur3_32: 794 1179922455
Murmur3_32: 795 1829339245
Murmur3_32: 796 2145294518
Murmur3_32: 797 125141494
Murmur3_32: 798 1761000849
Murmur3_32: 799 2991716599
Murmur3_32: 800 163004597
Murmur3_32: 801 25181213
Murmur3_32: 802 797120975
Murmur3_32: 803 2903751269
Murmur3_32: 804 3000213829
Murmur3_32: 805 1819730881
Murmur3_32: 806 570868173
Murmur3_32: 807 4053078634
Murmur3_32: 808 4062595827
Murmur3_32: 809 1645542184
Murmur3_32: 810 4048368497
Murmur3_32: 811 3026593646
Murmur3_32: 812 3312701021
Murmur3_32: 813 1527076166
Murmur3_32: 814 943420486
Murmur3_32: 815 3226788562
Murmur3_32: 816 1630946362
Murmur3_32: 817 504764163
Murmur3_32: 818 141969666
Murmur3_32: 819 1660477681
Murmur3_32: 820 2065011998
Murmur3_32: 821 57199880
Murmur3_32: 822 1454096946
Murmur3_32: 823 3329320161
Murmur3_32: 824 193536401
Murmur3_32: 825 4022058285
Murmur3_32: 826 2443236360
Murmur3_32: 827 930133999
Murmur3_32: 828 1470809863
Murmur3_32: 829 1507154623
Murmur3_32: 830 2207152652
Murmur3_32: 831 2426827524
Murmur3_32: 832 916640011
Murmur3_32: 833 3548598379
Murmur3_32: 834 2490331349
Murmur3_32: 835 1886272012
Murmur3_32: 836 1278432869
Murmur3_32: 837 3733974697
Murmur3_32: 838 3117236187
Murmur3_32: 839 2047236388
Murmur3_32: 840 141642141
Murmur3_32: 841 3793109320
Murmur3_32: 842 2398526979
Murmur3_32: 843 3361400925
Murmur3_32: 844 3860105
Murmur3_32: 845 43783672
Murmur3_32: 846 1531485246
Murmur3_32: 847 4115670857
Murmur3_32: 848 1868703991
Murmur3_32: 849 3886152336
Murmur3_32: 850 4209626237
Murmur3_32: 851 1158932629
Murmur3_32: 852 949803965
Murmur3_32: 853 675122202
Murmur3_32: 854 3629925574
Murmur3_32: 855 4109154433
Murmur3_32: 856 1864793220
Murmur3_32: 857 2126357327
Murmur3_32: 858 468760337
Murmur3_32: 859 1203016436
Murmur3_32: 860 2175630111
Murmur3_32: 861 2116408573
Murmur3_32: 862 4214329297
Murmur3_32: 863 896993930
Murmur3_32: 864 1386178630
Murmur3_32: 865 1313731696
Murmur3_32: 866 3542489852
Murmur3_32: 867 3446686549
Murmur3_32: 868 1454507995
Murmur3_32: 869 364292822
Murmur3_32: 870 3818081114
Murmur3_32: 871 715396637
Murmur3_32: 872 1718246366
Murmur3_32: 873 29892052
Murmur3_32: 874 1859172650
Murmur3_32: 875 2409806970
Murmur3_32: 876 2828714755
Murmur3_32: 877 1789762772
Murmur3_32: 878 4280508066
Murmur3_32: 879 412783898
Murmur3_32: 880 4192094325
Murmur3_32: 881 659698176
Murmur3_32: 882 3209895669
Murmur3_32: 883 182355993
Murmur3_32: 884 2604553293
Murmur3_32: 885 993218828
Murmur3_32: 886 2667745804
Murmur3_32: 887 21697315
Murmur3_32: 888 470304759
Murmur3_32: 889 1215641157
Murmur3_32: 890 1814182024
Murmur3_32: 891 3407111326
Murmur3_32: 892 3152778292
Murmur3_32: 893 2778168006
Murmur3_32: 894 2864185712
Murmur3_32: 895 3225640816
Murmur3_32: 896 4083849184
Murmur3_32: 897 3597198842
Murmur3_32: 898 2059890010
Murmur3_32: 899 328007877
Murmur3_32: 900 516298621
Murmur3_32: 901 907313060
Murmur3_32: 902 4048735243
Murmur3_32: 903 421380571
Murmur3_32: 904 772810357
Murmur3_32: 905 3284823296
Murmur3_32: 906 3570152141
Murmur3_32: 907 719532052
Murmur3_32: 908 1697721952
Murmur3_32: 909 2729673894
Murmur3_32: 910 2395644097
Murmur3_32: 911 625567187
Murmur3_32: 912 2573372994
Murmur3_32: 913 3749893829
Murmur3_32: 914 1401528450
Murmur3_32: 915 2233189599
Murmur3_32: 916 1489188830
Murmur3_32: 917 1714053805
Murmur3_32: 918 1522848505
Murmur3_32: 919 1127773994
Murmur3_32: 920 761046720
Murmur3_32: 921 1900813504
Murmur3_32: 922 4002782462
Murmur3_32: 923 883413391
Murmur3_32: 924 1335226304
Murmur3_32: 925 3801949256
Murmur3_32: 926 1438352736
Murmur3_32: 927 91640872
Murmur3_32: 928 4086615710
Murmur3_32: 929 2568932553
Murmur3_32: 930 2408541257
Murmur3_32: 931 313264277
Murmur3_32: 932 2958389534
Murmur3_32: 933 3723669819
Murmur3_32: 934 3197064306
Murmur3_32: 935 3407055990
Murmur3_32: 936 2461850783
Murmur3_32: 937 3404935617
Murmur3_32: 938 2240952771
Murmur3_32: 939 317428522
Murmur3_32: 940 2660744890
Murmur3_32: 941 2891801737
Murmur3_32: 942 3403847562
Murmur3_32: 943 2171200749
Murmur3_32: 944 1059745304
Murmur3_32: 945 4079544586
Murmur3_32: 946 2241245567
Murmur3_32: 947 1803492518
Murmur3_32: 948 3485448219
Murmur3_32: 949 2689282098
Murmur3_32: 950 3665068307
Murmur3_32: 951 2473535616
Murmur3_32: 952 869337180
Murmur3_32: 953 2448324031
Murmur3_32: 954 822907866
Murmur3_32: 955 874897597
Murmur3_32: 956 1801600581
Murmur3_32: 957 524422470
Murmur3_32: 958 2603084837
Murmur3_32: 959 3743847615
Murmur3_32: 960 3458344192
Murmur3_32: 961 557077720
Murmur3_32: 962 3930274201
Murmur3_32: 963 1232398807
Murmur3_32: 964 1760641661
Murmur3_32: 965 322854350
Murmur3_32: 966 3152596683
Murmur3_32: 967 3068731629
Murmur3_32: 968 1060175347
Murmur3_32: 969 2406932719
Murmur3_32: 970 3855346502
Murmur3_32: 971 3766317980
Murmur3_32: 972 2277778138
Murmur3_32: 973 2310335223
Murmur3_32: 974 551255545
Murmur3_32: 975 3494761011
Murmur3_32: 976 865825107
Murmur3_32: 977 534907342
Murmur3_32: 978 977557518
Murmur3_32: 979 36199837
Murmur3_32: 980 1465399663
Murmur3_32: 981 717488131
Murmur3_32: 982 751456246
Murmur3_32: 983 4216776948
Murmur3_32: 984 376310569
Murmur3_32: 985 4164276570
Murmur3_32: 986 1152746988
Murmur3_32: 987 4041355099
Murmur3_32: 988 2920686970
Murmur3_32: 989 3069504712
Murmur3_32: 990 3979127049
Murmur3_32: 991 785256327
Murmur3_32: 992 727189193
Murmur3_32: 993 4148123681
Murmur3_32: 994 2131283341
Murmur3_32: 995 1573513128
Murmur3_32: 996 2952164630
Murmur3_32: 997 3272386744
Murmur3_32: 998 2904445701
Murmur3_32: 999 352770759
