mesh {
triangle { <0 0 0>, <1 0 0>, <0 1 0> }
triangle { <1 0 0>, <0 1 0>, <1 1 1> }
}
mesh {
triangle { <1 0 0>, <0 1 0>, <1 1 1> }
}
mesh {
}
