--------
Name: Mesh 1
Points:
0 0 0
1 0 0
1 1 1
0 1 0
Edges:
0 1
0 3
1 3
1 2
3 2
Faces:
0 1 3
1 3 2
--------
--------
Name: Mesh 1.2
Points:
0 0 0
1 0 0
1 1 1
0 1 0
Edges:
0 1
0 3
1 3
1 2
3 2
Faces:
1 3 2
--------
--------
Name: Mesh 1.3
Points:
0 0 0
1 0 0
1 1 1
0 1 0
Edges:
0 1
0 3
1 3
1 2
3 2
Faces:
--------
--------
Name: Mesh 1 three points
Points:
1 0 0
1 1 1
0 1 0
Edges:
Faces:
--------
