 === taskpool1 ===
[00]: ID: 1 (1)
[00]: ID: 2 (2)
[00]: ID: 3 (3)
[00]: ID: 4 (4)
[01]: ID: 1 (1)
[01]: ID: 2 (2)
[01]: ID: 3 (3)
[01]: ID: 4 (4)
[02]: ID: 1 (1)
[02]: ID: 2 (2)
[02]: ID: 3 (3)
[02]: ID: 4 (4)
 === taskpool1 end ===
