
1 ----------------------
Identity :
| 1.000000 0.000000 0.000000 |
| 0.000000 1.000000 0.000000 |
| 0.000000 0.000000 1.000000 |
Translated :
| 1.000000 0.000000 -1.200000 |
| 0.000000 1.000000 5.000000 |
| 0.000000 0.000000 1.000000 |
Translated (next time) :
| 1.000000 0.000000 -2.400000 |
| 0.000000 1.000000 10.000000 |
| 0.000000 0.000000 1.000000 |

2 ----------------------
Identity :
| 1.000000 0.000000 0.000000 |
| 0.000000 1.000000 0.000000 |
| 0.000000 0.000000 1.000000 |
Rotated about origin :
| 0.707107 -0.707107 0.000000 |
| 0.707107 0.707107 0.000000 |
| 0.000000 0.000000 1.000000 |
Identity :
| 1.000000 0.000000 0.000000 |
| 0.000000 1.000000 0.000000 |
| 0.000000 0.000000 1.000000 |
Rotated: :
| 0.707107 -0.707107 1.000000 |
| 0.707107 0.707107 -0.414214 |
| 0.000000 0.000000 1.000000 |
(1, 1) rotated about itself :
[ 1.000000 1.000000 ]

3 ----------------------
Identity :
| 1.000000 0.000000 0.000000 |
| 0.000000 1.000000 0.000000 |
| 0.000000 0.000000 1.000000 |
Translated :
| 1.000000 0.000000 1.000000 |
| 0.000000 1.000000 1.000000 |
| 0.000000 0.000000 1.000000 |
Vector :
[ 1.000000 1.000000 ]

4 ----------------------
Identity :
| 1.000000 0.000000 0.000000 |
| 0.000000 1.000000 0.000000 |
| 0.000000 0.000000 1.000000 |
Translated :
| 1.000000 0.000000 1.000000 |
| 0.000000 1.000000 0.000000 |
| 0.000000 0.000000 1.000000 |
Rotated :
| 0.000000 -1.000000 0.000000 |
| 1.000000 0.000000 -1.000000 |
| 0.000000 0.000000 1.000000 |
Vector :
[ 0.000000 -1.000000 ]

5 ----------------------
Identity :
| 1.000000 0.000000 0.000000 |
| 0.000000 1.000000 0.000000 |
| 0.000000 0.000000 1.000000 |
Translated :
| 1.000000 0.000000 1.000000 |
| 0.000000 1.000000 1.000000 |
| 0.000000 0.000000 1.000000 |
Rotated :
| 0.000000 -1.000000 -1.000000 |
| 1.000000 0.000000 1.000000 |
| 0.000000 0.000000 1.000000 |
Vector :
[ -1.000000 1.000000 ]

6 ----------------------
Identity :
| 1.000000 0.000000 0.000000 |
| 0.000000 1.000000 0.000000 |
| 0.000000 0.000000 1.000000 |
Rotated :
| 0.000000 -1.000000 0.000000 |
| 1.000000 0.000000 0.000000 |
| 0.000000 0.000000 1.000000 |
Translated :
| 0.000000 -1.000000 1.000000 |
| 1.000000 0.000000 1.000000 |
| 0.000000 0.000000 1.000000 |
Vector :
[ 1.000000 1.000000 ]
