# ---- tri tri overlap ----
# res[0000]: 1
# res[0006]: 0
# res[0012]: 0
# res[0018]: 0
# res[0024]: 1
# res[0030]: 1
# res[0036]: 0
# res[0042]: 1
# res[0048]: 1
# res[0054]: 0
# res[0060]: 0
# res[0066]: 0
# res[0072]: 1
# res[0078]: 1
# res[0084]: 0
# res[0090]: 1
# res[0096]: 1
# res[0102]: 0
# res[0108]: 1
# res[0114]: 0
# res[0120]: 1
# res[0126]: 0
# res[0132]: 0
# res[0138]: 1
# res[0144]: 0
# res[0150]: 0
# res[0156]: 0
# res[0162]: 0
# res[0168]: 0
# res[0174]: 0
# res[0180]: 0
# res[0186]: 1
# res[0192]: 0
# res[0198]: 0
# res[0204]: 0
# res[0210]: 0
# res[0216]: 0
# res[0222]: 0
# res[0228]: 0
# res[0234]: 1
# res[0240]: 0
# res[0246]: 0
# res[0252]: 1
# res[0258]: 0
# res[0264]: 1
# res[0270]: 0
# res[0276]: 0
# res[0282]: 0
# res[0288]: 0
# res[0294]: 1
# res[0300]: 0
# res[0306]: 0
# res[0312]: 0
# res[0318]: 1
# res[0324]: 1
# res[0330]: 0
# res[0336]: 0
# res[0342]: 0
# res[0348]: 0
# res[0354]: 0
# res[0360]: 1
# res[0366]: 0
# res[0372]: 0
# res[0378]: 0
# res[0384]: 1
# res[0390]: 0
# res[0396]: 0
# res[0402]: 0
# res[0408]: 0
# res[0414]: 0
# res[0420]: 0
# res[0426]: 1
# res[0432]: 1
# res[0438]: 0
# res[0444]: 0
# res[0450]: 1
# res[0456]: 0
# res[0462]: 0
# res[0468]: 0
# res[0474]: 0
# res[0480]: 0
# res[0486]: 0
# res[0492]: 0
# res[0498]: 1
# res[0504]: 1
# res[0510]: 1
# res[0516]: 0
# res[0522]: 1
# res[0528]: 1
# res[0534]: 0
# res[0540]: 1
# res[0546]: 1
# res[0552]: 0
# res[0558]: 1
# res[0564]: 0
# res[0570]: 1
# res[0576]: 0
# res[0582]: 0
# res[0588]: 0
# res[0594]: 1
# res[0600]: 0
# res[0606]: 0
# res[0612]: 0
# res[0618]: 0
# res[0624]: 0
# res[0630]: 0
# res[0636]: 0
# res[0642]: 0
# res[0648]: 1
# res[0654]: 1
# res[0660]: 1
# res[0666]: 0
# res[0672]: 0
# res[0678]: 0
# res[0684]: 0
# res[0690]: 1
# res[0696]: 0
# res[0702]: 1
# res[0708]: 1
# res[0714]: 0
# res[0720]: 0
# res[0726]: 0
# res[0732]: 0
# res[0738]: 0
# res[0744]: 0
# res[0750]: 1
# res[0756]: 0
# res[0762]: 0
# res[0768]: 0
# res[0774]: 1
# res[0780]: 0
# res[0786]: 0
# res[0792]: 0
# res[0798]: 1
# res[0804]: 0
# res[0810]: 0
# res[0816]: 0
# res[0822]: 1
# res[0828]: 1
# res[0834]: 0
# res[0840]: 0
# res[0846]: 0
# res[0852]: 1
# res[0858]: 0
# res[0864]: 1
# res[0870]: 0
# res[0876]: 0
# res[0882]: 1
# res[0888]: 0
# res[0894]: 0
# res[0900]: 0
# res[0906]: 0
# res[0912]: 0
# res[0918]: 0
# res[0924]: 0
# res[0930]: 0
# res[0936]: 0
# res[0942]: 0
# res[0948]: 0
# res[0954]: 1
# res[0960]: 0
# res[0966]: 0
# res[0972]: 1
# res[0978]: 1
# res[0984]: 0
# res[0990]: 0
# res[0996]: 0
# ---- tri tri overlap end ----

