nncellsNode:
cube size: 0.707107
nncells2 len: 18
nncells2 dim: 3 6
------ nncellsNode

nncells2Nearest:
cube size: 2.846050
nncells2 len: 49
nncells2 dim: 7 7
------ nncellsNearest

nncells6Nearest:
cube size: 3.426812
nncells2 len: 68040
nncells2 dim: 6 6 5 6 7 9
------ nncells6Nearest

