---- vecOperators ---
v: [ 1 1 1 1 1 1 ]
v: [ 0 0 0 0 0 0 ]

v: [ 1 2 1.4 -0.6 8.3 11 ]
w: [ 3 1 9.4 -3.3 1.2 14 ]
u = v + w [ 4 3 10.8 -3.9 9.5 25 ]
u += v    [ 5 5 12.2 -4.5 17.8 36 ]
u = v - w [ -2 1 -8 2.7 7.1 -3 ]
u -= v    [ -3 -1 -9.4 3.3 -1.2 -14 ]
u = v + 10 [ 11 12 11.4 9.4 18.3 21 ]
u += 100   [ 111 112 111.4 109.4 118.3 121 ]
u = v - 10 [ -9 -8 -8.6 -10.6 -1.7 1 ]
u -= 100   [ -109 -108 -108.6 -110.6 -101.7 -99 ]
u *= 2    [ -218 -216 -217.2 -221.2 -203.4 -198 ]

u = v .* w [ 3 2 13.16 1.98 9.96 154 ]
u .*= w    [ 9 2 123.704 -6.534 11.952 2156 ]
